<!DOCTYPE html>
<html>
<head>
    
    <meta charset="utf-8">
    <meta http-equiv="X-UA-Compatible" content="IE=edge">
    <meta name="viewport" content="width=device-width, initial-scale=1">
    <title></title>
    <link rel="stylesheet" href="markbind\css\bootstrap.min.css">
    <link rel="stylesheet" href="markbind\css\bootstrap-vue.min.css">
    <link rel="stylesheet" href="markbind\css\font-awesome.min.css" >
    <link rel="stylesheet" href="markbind\css\bootstrap-glyphicons.min.css" >
    <link rel="stylesheet" href="markbind\css\github.min.css">
    <link rel="stylesheet" href="markbind\css\markbind.css">
    
    
    <link rel="icon" href="/test_site/favicon.png">
</head>
<body>
<div id="app">
    <div id="content-wrapper">
  <h1 id="some-heading">Some heading<a class="fa fa-anchor" href="#some-heading"></a></h1>
  <p>The <strong>quick</strong> brown fox jumps <em>over</em> the lazy dog.</p>
</div>
</div>
</body>
<script src="markbind\js\vue.min.js"></script>
<script src="markbind\js\vue-strap.min.js"></script>
<script src="markbind\js\polyfill.min.js"></script>
<script src="markbind\js\bootstrap-vue.min.js"></script>
<script>
    const baseUrl = '/test_site'
</script>
<script src="markbind\js\setup.js"></script>
</html>
