<h3 id="normal-panel-content-heading">normal panel content heading</h3>