<h3 id="panel-normal-source-content-headings">panel normal source content headings</h3>